// Jest Snapshot v1, https://goo.gl/fbAQLP

exports[`should Map render correctly 1`] = `null`;
