// Jest Snapshot v1, https://goo.gl/fbAQLP

exports[`PrivateRoute component render 1`] = `null`;
